Analysis & Elaboration report for Phase1
Thu Jan 30 11:35:06 2025
Quartus Prime Version 18.1.0 Build 625 09/12/2018 SJ Standard Edition


---------------------
; Table of Contents ;
---------------------
  1. Legal Notice
  2. Analysis & Elaboration Summary
  3. Parallel Compilation
  4. Analysis & Elaboration Settings
  5. Port Connectivity Checks: "cpu_top:uut|bus:data_bus"
  6. Port Connectivity Checks: "cpu_top:uut|ir_register:ir"
  7. Port Connectivity Checks: "cpu_top:uut|pc_register:pc"
  8. Port Connectivity Checks: "cpu_top:uut|register_file:reg_file"
  9. Port Connectivity Checks: "cpu_top:uut"
 10. Analysis & Elaboration Messages
 11. Analysis & Elaboration Suppressed Messages



----------------
; Legal Notice ;
----------------
Copyright (C) 2018  Intel Corporation. All rights reserved.
Your use of Intel Corporation's design tools, logic functions 
and other software and tools, and its AMPP partner logic 
functions, and any output files from any of the foregoing 
(including device programming or simulation files), and any 
associated documentation or information are expressly subject 
to the terms and conditions of the Intel Program License 
Subscription Agreement, the Intel Quartus Prime License Agreement,
the Intel FPGA IP License Agreement, or other applicable license
agreement, including, without limitation, that your use is for
the sole purpose of programming logic devices manufactured by
Intel and sold by Intel or its authorized distributors.  Please
refer to the applicable agreement for further details.



+---------------------------------------------------------------------------------+
; Analysis & Elaboration Summary                                                  ;
+-------------------------------+-------------------------------------------------+
; Analysis & Elaboration Status ; Successful - Thu Jan 30 11:35:06 2025           ;
; Quartus Prime Version         ; 18.1.0 Build 625 09/12/2018 SJ Standard Edition ;
; Revision Name                 ; Phase1                                          ;
; Top-level Entity Name         ; cpu_top_tb                                      ;
; Family                        ; Cyclone V                                       ;
; Logic utilization (in ALMs)   ; N/A until Partition Merge                       ;
; Total registers               ; N/A until Partition Merge                       ;
; Total pins                    ; N/A until Partition Merge                       ;
; Total virtual pins            ; N/A until Partition Merge                       ;
; Total block memory bits       ; N/A until Partition Merge                       ;
; Total PLLs                    ; N/A until Partition Merge                       ;
; Total DLLs                    ; N/A until Partition Merge                       ;
+-------------------------------+-------------------------------------------------+


+------------------------------------------+
; Parallel Compilation                     ;
+----------------------------+-------------+
; Processors                 ; Number      ;
+----------------------------+-------------+
; Number detected on machine ; 8           ;
; Maximum allowed            ; 4           ;
;                            ;             ;
; Average used               ; 1.00        ;
; Maximum used               ; 1           ;
;                            ;             ;
; Usage by Processor         ; % Time Used ;
;     Processor 1            ; 100.0%      ;
+----------------------------+-------------+


+---------------------------------------------------------------------------------------------------------------------------+
; Analysis & Elaboration Settings                                                                                           ;
+---------------------------------------------------------------------------------+--------------------+--------------------+
; Option                                                                          ; Setting            ; Default Value      ;
+---------------------------------------------------------------------------------+--------------------+--------------------+
; Device                                                                          ; 5CGXFC7C7F23C8     ;                    ;
; Top-level entity name                                                           ; cpu_top_tb         ; Phase1             ;
; Family name                                                                     ; Cyclone V          ; Cyclone V          ;
; Use smart compilation                                                           ; Off                ; Off                ;
; Enable parallel Assembler and Timing Analyzer during compilation                ; On                 ; On                 ;
; Enable compact report table                                                     ; Off                ; Off                ;
; Restructure Multiplexers                                                        ; Auto               ; Auto               ;
; MLAB Add Timing Constraints For Mixed-Port Feed-Through Mode Setting Don't Care ; Off                ; Off                ;
; Create Debugging Nodes for IP Cores                                             ; Off                ; Off                ;
; Preserve fewer node names                                                       ; On                 ; On                 ;
; Intel FPGA IP Evaluation Mode                                                   ; Enable             ; Enable             ;
; Verilog Version                                                                 ; Verilog_2001       ; Verilog_2001       ;
; VHDL Version                                                                    ; VHDL_1993          ; VHDL_1993          ;
; State Machine Processing                                                        ; Auto               ; Auto               ;
; Safe State Machine                                                              ; Off                ; Off                ;
; Extract Verilog State Machines                                                  ; On                 ; On                 ;
; Extract VHDL State Machines                                                     ; On                 ; On                 ;
; Ignore Verilog initial constructs                                               ; Off                ; Off                ;
; Iteration limit for constant Verilog loops                                      ; 5000               ; 5000               ;
; Iteration limit for non-constant Verilog loops                                  ; 250                ; 250                ;
; Add Pass-Through Logic to Inferred RAMs                                         ; On                 ; On                 ;
; Infer RAMs from Raw Logic                                                       ; On                 ; On                 ;
; Parallel Synthesis                                                              ; On                 ; On                 ;
; DSP Block Balancing                                                             ; Auto               ; Auto               ;
; NOT Gate Push-Back                                                              ; On                 ; On                 ;
; Power-Up Don't Care                                                             ; On                 ; On                 ;
; Remove Redundant Logic Cells                                                    ; Off                ; Off                ;
; Remove Duplicate Registers                                                      ; On                 ; On                 ;
; Ignore CARRY Buffers                                                            ; Off                ; Off                ;
; Ignore CASCADE Buffers                                                          ; Off                ; Off                ;
; Ignore GLOBAL Buffers                                                           ; Off                ; Off                ;
; Ignore ROW GLOBAL Buffers                                                       ; Off                ; Off                ;
; Ignore LCELL Buffers                                                            ; Off                ; Off                ;
; Ignore SOFT Buffers                                                             ; On                 ; On                 ;
; Limit AHDL Integers to 32 Bits                                                  ; Off                ; Off                ;
; Optimization Technique                                                          ; Balanced           ; Balanced           ;
; Carry Chain Length                                                              ; 70                 ; 70                 ;
; Auto Carry Chains                                                               ; On                 ; On                 ;
; Auto Open-Drain Pins                                                            ; On                 ; On                 ;
; Perform WYSIWYG Primitive Resynthesis                                           ; Off                ; Off                ;
; Auto ROM Replacement                                                            ; On                 ; On                 ;
; Auto RAM Replacement                                                            ; On                 ; On                 ;
; Auto DSP Block Replacement                                                      ; On                 ; On                 ;
; Auto Shift Register Replacement                                                 ; Auto               ; Auto               ;
; Allow Shift Register Merging across Hierarchies                                 ; Auto               ; Auto               ;
; Auto Clock Enable Replacement                                                   ; On                 ; On                 ;
; Strict RAM Replacement                                                          ; Off                ; Off                ;
; Allow Synchronous Control Signals                                               ; On                 ; On                 ;
; Force Use of Synchronous Clear Signals                                          ; Off                ; Off                ;
; Auto Resource Sharing                                                           ; Off                ; Off                ;
; Allow Any RAM Size For Recognition                                              ; Off                ; Off                ;
; Allow Any ROM Size For Recognition                                              ; Off                ; Off                ;
; Allow Any Shift Register Size For Recognition                                   ; Off                ; Off                ;
; Use LogicLock Constraints during Resource Balancing                             ; On                 ; On                 ;
; Ignore translate_off and synthesis_off directives                               ; Off                ; Off                ;
; Timing-Driven Synthesis                                                         ; On                 ; On                 ;
; Report Parameter Settings                                                       ; On                 ; On                 ;
; Report Source Assignments                                                       ; On                 ; On                 ;
; Report Connectivity Checks                                                      ; On                 ; On                 ;
; Ignore Maximum Fan-Out Assignments                                              ; Off                ; Off                ;
; Synchronization Register Chain Length                                           ; 3                  ; 3                  ;
; Power Optimization During Synthesis                                             ; Normal compilation ; Normal compilation ;
; HDL message level                                                               ; Level2             ; Level2             ;
; Suppress Register Optimization Related Messages                                 ; Off                ; Off                ;
; Number of Removed Registers Reported in Synthesis Report                        ; 5000               ; 5000               ;
; Number of Swept Nodes Reported in Synthesis Report                              ; 5000               ; 5000               ;
; Number of Inverted Registers Reported in Synthesis Report                       ; 100                ; 100                ;
; Clock MUX Protection                                                            ; On                 ; On                 ;
; Auto Gated Clock Conversion                                                     ; Off                ; Off                ;
; Block Design Naming                                                             ; Auto               ; Auto               ;
; SDC constraint protection                                                       ; Off                ; Off                ;
; Synthesis Effort                                                                ; Auto               ; Auto               ;
; Shift Register Replacement - Allow Asynchronous Clear Signal                    ; On                 ; On                 ;
; Pre-Mapping Resynthesis Optimization                                            ; Off                ; Off                ;
; Analysis & Synthesis Message Level                                              ; Medium             ; Medium             ;
; Disable Register Merging Across Hierarchies                                     ; Auto               ; Auto               ;
; Resource Aware Inference For Block RAM                                          ; On                 ; On                 ;
; Automatic Parallel Synthesis                                                    ; On                 ; On                 ;
; Partial Reconfiguration Bitstream ID                                            ; Off                ; Off                ;
+---------------------------------------------------------------------------------+--------------------+--------------------+


+------------------------------------------------------+
; Port Connectivity Checks: "cpu_top:uut|bus:data_bus" ;
+----------------+-------+----------+------------------+
; Port           ; Type  ; Severity ; Details          ;
+----------------+-------+----------+------------------+
; BusMuxIn_HI    ; Input ; Info     ; Stuck at GND     ;
; BusMuxIn_LO    ; Input ; Info     ; Stuck at GND     ;
; BusMuxIn_Zhigh ; Input ; Info     ; Stuck at GND     ;
; BusMuxIn_Zlow  ; Input ; Info     ; Stuck at GND     ;
; BusMuxIn_MDR   ; Input ; Info     ; Stuck at GND     ;
+----------------+-------+----------+------------------+


+---------------------------------------------------------+
; Port Connectivity Checks: "cpu_top:uut|ir_register:ir"  ;
+------------+--------+----------+------------------------+
; Port       ; Type   ; Severity ; Details                ;
+------------+--------+----------+------------------------+
; enable_out ; Input  ; Info     ; Stuck at VCC           ;
; q          ; Output ; Info     ; Explicitly unconnected ;
+------------+--------+----------+------------------------+


+---------------------------------------------------------+
; Port Connectivity Checks: "cpu_top:uut|pc_register:pc"  ;
+------------+--------+----------+------------------------+
; Port       ; Type   ; Severity ; Details                ;
+------------+--------+----------+------------------------+
; enable_out ; Input  ; Info     ; Stuck at VCC           ;
; q          ; Output ; Info     ; Explicitly unconnected ;
+------------+--------+----------+------------------------+


+----------------------------------------------------------------+
; Port Connectivity Checks: "cpu_top:uut|register_file:reg_file" ;
+------------+-------+----------+--------------------------------+
; Port       ; Type  ; Severity ; Details                        ;
+------------+-------+----------+--------------------------------+
; enable_out ; Input ; Info     ; Stuck at VCC                   ;
+------------+-------+----------+--------------------------------+


+-------------------------------------------------------------------------------------------------------------------+
; Port Connectivity Checks: "cpu_top:uut"                                                                           ;
+---------+--------+----------+-------------------------------------------------------------------------------------+
; Port    ; Type   ; Severity ; Details                                                                             ;
+---------+--------+----------+-------------------------------------------------------------------------------------+
; bus_out ; Output ; Info     ; Connected to dangling logic. Logic that only feeds a dangling port will be removed. ;
+---------+--------+----------+-------------------------------------------------------------------------------------+


+---------------------------------+
; Analysis & Elaboration Messages ;
+---------------------------------+
Info: *******************************************************************
Info: Running Quartus Prime Analysis & Elaboration
    Info: Version 18.1.0 Build 625 09/12/2018 SJ Standard Edition
    Info: Processing started: Thu Jan 30 11:34:54 2025
Info: Command: quartus_map --read_settings_files=on --write_settings_files=off Phase1 -c Phase1 --analysis_and_elaboration
Warning (18236): Number of processors has not been specified which may cause overloading on shared machines.  Set the global assignment NUM_PARALLEL_PROCESSORS in your QSF to an appropriate value for best performance.
Info (20030): Parallel compilation is enabled and will use 4 of the 4 processors detected
Info (12021): Found 1 design units, including 1 entities, in source file cpu_top.v
    Info (12023): Found entity 1: cpu_top File: C:/Users/19ajl16/Desktop/Mini_SRC_CPU/cpu_top.v Line: 1
Info (12021): Found 1 design units, including 1 entities, in source file simulations/register_tb.v
    Info (12023): Found entity 1: register_tb File: C:/Users/19ajl16/Desktop/Mini_SRC_CPU/Simulations/register_tb.v Line: 3
Info (12021): Found 1 design units, including 1 entities, in source file simulations/register_file_tb.v
    Info (12023): Found entity 1: register_file_tb File: C:/Users/19ajl16/Desktop/Mini_SRC_CPU/Simulations/register_file_tb.v Line: 3
Info (12021): Found 1 design units, including 1 entities, in source file simulations/cpu_top_tb.v
    Info (12023): Found entity 1: cpu_top_tb File: C:/Users/19ajl16/Desktop/Mini_SRC_CPU/Simulations/cpu_top_tb.v Line: 3
Info (12021): Found 2 design units, including 2 entities, in source file registers/special_registers.v
    Info (12023): Found entity 1: pc_register File: C:/Users/19ajl16/Desktop/Mini_SRC_CPU/Registers/special_registers.v Line: 1
    Info (12023): Found entity 2: ir_register File: C:/Users/19ajl16/Desktop/Mini_SRC_CPU/Registers/special_registers.v Line: 21
Info (12021): Found 1 design units, including 1 entities, in source file registers/register_file.v
    Info (12023): Found entity 1: register_file File: C:/Users/19ajl16/Desktop/Mini_SRC_CPU/Registers/register_file.v Line: 2
Info (12021): Found 1 design units, including 1 entities, in source file registers/register.v
    Info (12023): Found entity 1: register File: C:/Users/19ajl16/Desktop/Mini_SRC_CPU/Registers/register.v Line: 1
Info (12021): Found 0 design units, including 0 entities, in source file registers/pc.v
Info (12021): Found 0 design units, including 0 entities, in source file registers/ir.v
Info (12021): Found 1 design units, including 1 entities, in source file bus/bus.v
    Info (12023): Found entity 1: bus File: C:/Users/19ajl16/Desktop/Mini_SRC_CPU/Bus/bus.v Line: 1
Info (12127): Elaborating entity "cpu_top_tb" for the top level hierarchy
Warning (10755): Verilog HDL warning at cpu_top_tb.v(31): assignments to clk create a combinational loop File: C:/Users/19ajl16/Desktop/Mini_SRC_CPU/Simulations/cpu_top_tb.v Line: 31
Info (10648): Verilog HDL Display System Task info at cpu_top_tb.v(35): Starting Testbench for cpu_top (Bus + Registers) File: C:/Users/19ajl16/Desktop/Mini_SRC_CPU/Simulations/cpu_top_tb.v Line: 35
Info (10648): Verilog HDL Display System Task info at cpu_top_tb.v(54): Bus Output (R0): 00000000, Expected: DEADBEEF File: C:/Users/19ajl16/Desktop/Mini_SRC_CPU/Simulations/cpu_top_tb.v Line: 54
Info (10648): Verilog HDL Display System Task info at cpu_top_tb.v(58): Bus Output (PC): 00000000, Expected: 12345678 File: C:/Users/19ajl16/Desktop/Mini_SRC_CPU/Simulations/cpu_top_tb.v Line: 58
Info (10648): Verilog HDL Display System Task info at cpu_top_tb.v(62): Bus Output (IR): 00000000, Expected: CAFEBABE File: C:/Users/19ajl16/Desktop/Mini_SRC_CPU/Simulations/cpu_top_tb.v Line: 62
Info (10648): Verilog HDL Display System Task info at cpu_top_tb.v(70): Bus Output (R1): 00000000, Expected: FACECAFE File: C:/Users/19ajl16/Desktop/Mini_SRC_CPU/Simulations/cpu_top_tb.v Line: 70
Info (10648): Verilog HDL Display System Task info at cpu_top_tb.v(73): Test Completed File: C:/Users/19ajl16/Desktop/Mini_SRC_CPU/Simulations/cpu_top_tb.v Line: 73
Warning (10175): Verilog HDL warning at cpu_top_tb.v(74): ignoring unsupported system task File: C:/Users/19ajl16/Desktop/Mini_SRC_CPU/Simulations/cpu_top_tb.v Line: 74
Info (12128): Elaborating entity "cpu_top" for hierarchy "cpu_top:uut" File: C:/Users/19ajl16/Desktop/Mini_SRC_CPU/Simulations/cpu_top_tb.v Line: 27
Info (12128): Elaborating entity "register_file" for hierarchy "cpu_top:uut|register_file:reg_file" File: C:/Users/19ajl16/Desktop/Mini_SRC_CPU/cpu_top.v Line: 30
Warning (10240): Verilog HDL Always Construct warning at register_file.v(18): inferring latch(es) for variable "i", which holds its previous value in one or more paths through the always construct File: C:/Users/19ajl16/Desktop/Mini_SRC_CPU/Registers/register_file.v Line: 18
Info (12128): Elaborating entity "pc_register" for hierarchy "cpu_top:uut|pc_register:pc" File: C:/Users/19ajl16/Desktop/Mini_SRC_CPU/cpu_top.v Line: 68
Info (12128): Elaborating entity "register" for hierarchy "cpu_top:uut|pc_register:pc|register:pc" File: C:/Users/19ajl16/Desktop/Mini_SRC_CPU/Registers/special_registers.v Line: 18
Info (12128): Elaborating entity "ir_register" for hierarchy "cpu_top:uut|ir_register:ir" File: C:/Users/19ajl16/Desktop/Mini_SRC_CPU/cpu_top.v Line: 79
Info (12128): Elaborating entity "bus" for hierarchy "cpu_top:uut|bus:data_bus" File: C:/Users/19ajl16/Desktop/Mini_SRC_CPU/cpu_top.v Line: 97
Warning (12011): Net is missing source, defaulting to GND
    Warning (12110): Net "clk" is missing source, defaulting to GND File: C:/Users/19ajl16/Desktop/Mini_SRC_CPU/Simulations/cpu_top_tb.v Line: 6
Info (144001): Generated suppressed messages file C:/Users/19ajl16/Desktop/Mini_SRC_CPU/output_files/Phase1.map.smsg
Info: Quartus Prime Analysis & Elaboration was successful. 0 errors, 6 warnings
    Info: Peak virtual memory: 4780 megabytes
    Info: Processing ended: Thu Jan 30 11:35:06 2025
    Info: Elapsed time: 00:00:12
    Info: Total CPU time (on all processors): 00:00:11


+--------------------------------------------+
; Analysis & Elaboration Suppressed Messages ;
+--------------------------------------------+
The suppressed messages can be found in C:/Users/19ajl16/Desktop/Mini_SRC_CPU/output_files/Phase1.map.smsg.


